// Jest Snapshot v1, https://goo.gl/fbAQLP

exports[`PDF fill via fillPDFByName (derive bridge) fills each Y2024 IRS form: instruction count, strict fill, extractable field names snapshot 1`] = `
Object {
  "f1040": Array [
    "topmostSubform[0].Page1[0].Address_ReadOrder[0].f1_10[0]",
    "topmostSubform[0].Page1[0].Address_ReadOrder[0].f1_11[0]",
    "topmostSubform[0].Page1[0].Address_ReadOrder[0].f1_12[0]",
    "topmostSubform[0].Page1[0].Address_ReadOrder[0].f1_13[0]",
    "topmostSubform[0].Page1[0].Address_ReadOrder[0].f1_14[0]",
    "topmostSubform[0].Page1[0].Address_ReadOrder[0].f1_15[0]",
    "topmostSubform[0].Page1[0].Address_ReadOrder[0].f1_16[0]",
    "topmostSubform[0].Page1[0].Address_ReadOrder[0].f1_17[0]",
    "topmostSubform[0].Page1[0].c1_1[0]",
    "topmostSubform[0].Page1[0].c1_10[0]",
    "topmostSubform[0].Page1[0].c1_11[0]",
    "topmostSubform[0].Page1[0].c1_12[0]",
    "topmostSubform[0].Page1[0].c1_2[0]",
    "topmostSubform[0].Page1[0].c1_3[0]",
    "topmostSubform[0].Page1[0].c1_3[1]",
    "topmostSubform[0].Page1[0].c1_4[0]",
    "topmostSubform[0].Page1[0].c1_5[0]",
    "topmostSubform[0].Page1[0].c1_5[1]",
    "topmostSubform[0].Page1[0].c1_6[0]",
    "topmostSubform[0].Page1[0].c1_7[0]",
    "topmostSubform[0].Page1[0].c1_8[0]",
    "topmostSubform[0].Page1[0].c1_9[0]",
    "topmostSubform[0].Page1[0].Dependents_ReadOrder[0].c1_13[0]",
    "topmostSubform[0].Page1[0].f1_01[0]",
    "topmostSubform[0].Page1[0].f1_02[0]",
    "topmostSubform[0].Page1[0].f1_03[0]",
    "topmostSubform[0].Page1[0].f1_04[0]",
    "topmostSubform[0].Page1[0].f1_05[0]",
    "topmostSubform[0].Page1[0].f1_06[0]",
    "topmostSubform[0].Page1[0].f1_07[0]",
    "topmostSubform[0].Page1[0].f1_08[0]",
    "topmostSubform[0].Page1[0].f1_09[0]",
    "topmostSubform[0].Page1[0].f1_18[0]",
    "topmostSubform[0].Page1[0].f1_19[0]",
    "topmostSubform[0].Page1[0].f1_32[0]",
    "topmostSubform[0].Page1[0].f1_33[0]",
    "topmostSubform[0].Page1[0].f1_34[0]",
    "topmostSubform[0].Page1[0].f1_35[0]",
    "topmostSubform[0].Page1[0].f1_36[0]",
    "topmostSubform[0].Page1[0].f1_37[0]",
    "topmostSubform[0].Page1[0].f1_38[0]",
    "topmostSubform[0].Page1[0].f1_39[0]",
    "topmostSubform[0].Page1[0].f1_40[0]",
    "topmostSubform[0].Page1[0].f1_41[0]",
    "topmostSubform[0].Page1[0].f1_42[0]",
    "topmostSubform[0].Page1[0].f1_43[0]",
    "topmostSubform[0].Page1[0].f1_44[0]",
    "topmostSubform[0].Page1[0].f1_45[0]",
    "topmostSubform[0].Page1[0].f1_57[0]",
    "topmostSubform[0].Page1[0].f1_58[0]",
    "topmostSubform[0].Page1[0].f1_59[0]",
    "topmostSubform[0].Page1[0].f1_60[0]",
    "topmostSubform[0].Page1[0].FilingStatus_ReadOrder[0].c1_3[0]",
    "topmostSubform[0].Page1[0].FilingStatus_ReadOrder[0].c1_3[1]",
    "topmostSubform[0].Page1[0].FilingStatus_ReadOrder[0].c1_3[2]",
    "topmostSubform[0].Page1[0].Line4a-11_ReadOrder[0].c1_22[0]",
    "topmostSubform[0].Page1[0].Line4a-11_ReadOrder[0].c1_23[0]",
    "topmostSubform[0].Page1[0].Line4a-11_ReadOrder[0].f1_46[0]",
    "topmostSubform[0].Page1[0].Line4a-11_ReadOrder[0].f1_47[0]",
    "topmostSubform[0].Page1[0].Line4a-11_ReadOrder[0].f1_48[0]",
    "topmostSubform[0].Page1[0].Line4a-11_ReadOrder[0].f1_49[0]",
    "topmostSubform[0].Page1[0].Line4a-11_ReadOrder[0].f1_50[0]",
    "topmostSubform[0].Page1[0].Line4a-11_ReadOrder[0].f1_51[0]",
    "topmostSubform[0].Page1[0].Line4a-11_ReadOrder[0].f1_52[0]",
    "topmostSubform[0].Page1[0].Line4a-11_ReadOrder[0].f1_53[0]",
    "topmostSubform[0].Page1[0].Line4a-11_ReadOrder[0].f1_54[0]",
    "topmostSubform[0].Page1[0].Line4a-11_ReadOrder[0].f1_55[0]",
    "topmostSubform[0].Page1[0].Line4a-11_ReadOrder[0].f1_56[0]",
    "topmostSubform[0].Page1[0].Table_Dependents[0].Row1[0].c1_14[0]",
    "topmostSubform[0].Page1[0].Table_Dependents[0].Row1[0].c1_15[0]",
    "topmostSubform[0].Page1[0].Table_Dependents[0].Row1[0].f1_20[0]",
    "topmostSubform[0].Page1[0].Table_Dependents[0].Row1[0].f1_21[0]",
    "topmostSubform[0].Page1[0].Table_Dependents[0].Row1[0].f1_22[0]",
    "topmostSubform[0].Page1[0].Table_Dependents[0].Row2[0].c1_16[0]",
    "topmostSubform[0].Page1[0].Table_Dependents[0].Row2[0].c1_17[0]",
    "topmostSubform[0].Page1[0].Table_Dependents[0].Row2[0].f1_23[0]",
    "topmostSubform[0].Page1[0].Table_Dependents[0].Row2[0].f1_24[0]",
    "topmostSubform[0].Page1[0].Table_Dependents[0].Row2[0].f1_25[0]",
    "topmostSubform[0].Page1[0].Table_Dependents[0].Row3[0].c1_18[0]",
    "topmostSubform[0].Page1[0].Table_Dependents[0].Row3[0].c1_19[0]",
    "topmostSubform[0].Page1[0].Table_Dependents[0].Row3[0].f1_26[0]",
    "topmostSubform[0].Page1[0].Table_Dependents[0].Row3[0].f1_27[0]",
    "topmostSubform[0].Page1[0].Table_Dependents[0].Row3[0].f1_28[0]",
    "topmostSubform[0].Page1[0].Table_Dependents[0].Row4[0].c1_20[0]",
    "topmostSubform[0].Page1[0].Table_Dependents[0].Row4[0].c1_21[0]",
    "topmostSubform[0].Page1[0].Table_Dependents[0].Row4[0].f1_29[0]",
    "topmostSubform[0].Page1[0].Table_Dependents[0].Row4[0].f1_30[0]",
    "topmostSubform[0].Page1[0].Table_Dependents[0].Row4[0].f1_31[0]",
    "topmostSubform[0].Page2[0].AccountNo[0].f2_26[0]",
    "topmostSubform[0].Page2[0].c2_1[0]",
    "topmostSubform[0].Page2[0].c2_2[0]",
    "topmostSubform[0].Page2[0].c2_3[0]",
    "topmostSubform[0].Page2[0].c2_4[0]",
    "topmostSubform[0].Page2[0].c2_5[0]",
    "topmostSubform[0].Page2[0].c2_5[1]",
    "topmostSubform[0].Page2[0].c2_6[0]",
    "topmostSubform[0].Page2[0].c2_6[1]",
    "topmostSubform[0].Page2[0].c2_7[0]",
    "topmostSubform[0].Page2[0].f2_01[0]",
    "topmostSubform[0].Page2[0].f2_02[0]",
    "topmostSubform[0].Page2[0].f2_03[0]",
    "topmostSubform[0].Page2[0].f2_04[0]",
    "topmostSubform[0].Page2[0].f2_05[0]",
    "topmostSubform[0].Page2[0].f2_06[0]",
    "topmostSubform[0].Page2[0].f2_07[0]",
    "topmostSubform[0].Page2[0].f2_08[0]",
    "topmostSubform[0].Page2[0].f2_09[0]",
    "topmostSubform[0].Page2[0].f2_10[0]",
    "topmostSubform[0].Page2[0].f2_11[0]",
    "topmostSubform[0].Page2[0].f2_12[0]",
    "topmostSubform[0].Page2[0].f2_13[0]",
    "topmostSubform[0].Page2[0].f2_14[0]",
    "topmostSubform[0].Page2[0].f2_15[0]",
    "topmostSubform[0].Page2[0].f2_16[0]",
    "topmostSubform[0].Page2[0].f2_17[0]",
    "topmostSubform[0].Page2[0].f2_18[0]",
    "topmostSubform[0].Page2[0].f2_19[0]",
    "topmostSubform[0].Page2[0].f2_20[0]",
    "topmostSubform[0].Page2[0].f2_21[0]",
    "topmostSubform[0].Page2[0].f2_22[0]",
    "topmostSubform[0].Page2[0].f2_23[0]",
    "topmostSubform[0].Page2[0].f2_24[0]",
    "topmostSubform[0].Page2[0].f2_27[0]",
    "topmostSubform[0].Page2[0].f2_28[0]",
    "topmostSubform[0].Page2[0].f2_29[0]",
    "topmostSubform[0].Page2[0].f2_30[0]",
    "topmostSubform[0].Page2[0].f2_31[0]",
    "topmostSubform[0].Page2[0].f2_32[0]",
    "topmostSubform[0].Page2[0].f2_33[0]",
    "topmostSubform[0].Page2[0].f2_34[0]",
    "topmostSubform[0].Page2[0].f2_35[0]",
    "topmostSubform[0].Page2[0].f2_36[0]",
    "topmostSubform[0].Page2[0].f2_37[0]",
    "topmostSubform[0].Page2[0].f2_38[0]",
    "topmostSubform[0].Page2[0].f2_39[0]",
    "topmostSubform[0].Page2[0].f2_40[0]",
    "topmostSubform[0].Page2[0].f2_41[0]",
    "topmostSubform[0].Page2[0].f2_42[0]",
    "topmostSubform[0].Page2[0].f2_43[0]",
    "topmostSubform[0].Page2[0].f2_44[0]",
    "topmostSubform[0].Page2[0].RoutingNo[0].f2_25[0]",
  ],
  "f1040s1": Array [
    "form1[0].Page1[0].f1_01[0]",
    "form1[0].Page1[0].f1_02[0]",
    "form1[0].Page1[0].f1_03[0]",
    "form1[0].Page1[0].f1_04[0]",
    "form1[0].Page1[0].f1_05[0]",
    "form1[0].Page1[0].f1_06[0]",
    "form1[0].Page1[0].f1_07[0]",
    "form1[0].Page1[0].f1_08[0]",
    "form1[0].Page1[0].f1_09[0]",
    "form1[0].Page1[0].f1_10[0]",
    "form1[0].Page1[0].f1_11[0]",
    "form1[0].Page1[0].f1_13[0]",
    "form1[0].Page1[0].f1_14[0]",
    "form1[0].Page1[0].f1_15[0]",
    "form1[0].Page1[0].f1_16[0]",
    "form1[0].Page1[0].f1_17[0]",
    "form1[0].Page1[0].f1_18[0]",
    "form1[0].Page1[0].f1_19[0]",
    "form1[0].Page1[0].f1_20[0]",
    "form1[0].Page1[0].f1_21[0]",
    "form1[0].Page1[0].f1_22[0]",
    "form1[0].Page1[0].f1_23[0]",
    "form1[0].Page1[0].f1_24[0]",
    "form1[0].Page1[0].f1_25[0]",
    "form1[0].Page1[0].f1_26[0]",
    "form1[0].Page1[0].f1_27[0]",
    "form1[0].Page1[0].f1_28[0]",
    "form1[0].Page1[0].f1_29[0]",
    "form1[0].Page1[0].f1_30[0]",
    "form1[0].Page1[0].f1_31[0]",
    "form1[0].Page1[0].f1_32[0]",
    "form1[0].Page1[0].f1_33[0]",
    "form1[0].Page1[0].f1_36[0]",
    "form1[0].Page1[0].f1_37[0]",
    "form1[0].Page1[0].f1_38[0]",
    "form1[0].Page1[0].Line8a_ReadOrder[0].f1_12[0]",
    "form1[0].Page1[0].Line8z_ReadOrder[0].f1_34[0]",
    "form1[0].Page1[0].Line8z_ReadOrder[0].f1_35[0]",
    "form1[0].Page2[0].f2_01[0]",
    "form1[0].Page2[0].f2_02[0]",
    "form1[0].Page2[0].f2_03[0]",
    "form1[0].Page2[0].f2_04[0]",
    "form1[0].Page2[0].f2_05[0]",
    "form1[0].Page2[0].f2_06[0]",
    "form1[0].Page2[0].f2_07[0]",
    "form1[0].Page2[0].f2_08[0]",
    "form1[0].Page2[0].f2_09[0]",
    "form1[0].Page2[0].f2_11[0]",
    "form1[0].Page2[0].f2_12[0]",
    "form1[0].Page2[0].f2_13[0]",
    "form1[0].Page2[0].f2_14[0]",
    "form1[0].Page2[0].f2_15[0]",
    "form1[0].Page2[0].f2_17[0]",
    "form1[0].Page2[0].f2_18[0]",
    "form1[0].Page2[0].f2_19[0]",
    "form1[0].Page2[0].f2_20[0]",
    "form1[0].Page2[0].f2_21[0]",
    "form1[0].Page2[0].f2_22[0]",
    "form1[0].Page2[0].f2_23[0]",
    "form1[0].Page2[0].f2_24[0]",
    "form1[0].Page2[0].f2_25[0]",
    "form1[0].Page2[0].f2_26[0]",
    "form1[0].Page2[0].f2_29[0]",
    "form1[0].Page2[0].f2_30[0]",
    "form1[0].Page2[0].f2_31[0]",
    "form1[0].Page2[0].Line19b_CombField[0].f2_10[0]",
    "form1[0].Page2[0].Line24a_ReadOrder[0].f2_16[0]",
    "form1[0].Page2[0].Line24z_ReadOrder[0].f2_27[0]",
    "form1[0].Page2[0].Line24z_ReadOrder[0].f2_28[0]",
  ],
  "f1040s2": Array [
    "form1[0].Page1[0].f1_01[0]",
    "form1[0].Page1[0].f1_02[0]",
    "form1[0].Page1[0].f1_04[0]",
    "form1[0].Page1[0].f1_05[0]",
    "form1[0].Page1[0].f1_06[0]",
    "form1[0].Page1[0].f1_07[0]",
    "form1[0].Page1[0].f1_08[0]",
    "form1[0].Page1[0].f1_09[0]",
    "form1[0].Page1[0].f1_10[0]",
    "form1[0].Page1[0].f1_11[0]",
    "form1[0].Page1[0].f1_12[0]",
    "form1[0].Page1[0].f1_13[0]",
    "form1[0].Page1[0].f1_14[0]",
    "form1[0].Page1[0].f1_16[0]",
    "form1[0].Page1[0].f1_17[0]",
    "form1[0].Page1[0].f1_18[0]",
    "form1[0].Page1[0].f1_19[0]",
    "form1[0].Page1[0].f1_20[0]",
    "form1[0].Page1[0].f1_21[0]",
    "form1[0].Page1[0].f1_22[0]",
    "form1[0].Page1[0].f1_23[0]",
    "form1[0].Page1[0].f1_24[0]",
    "form1[0].Page1[0].f1_25[0]",
    "form1[0].Page1[0].f1_26[0]",
    "form1[0].Page1[0].Line1a_ReadOrder[0].f1_03[0]",
    "form1[0].Page1[0].Line1e_ReadOrder[0].c1_1[0]",
    "form1[0].Page1[0].Line1e_ReadOrder[0].c1_1[1]",
    "form1[0].Page1[0].Line1e_ReadOrder[0].c1_1[2]",
    "form1[0].Page1[0].Line1e_ReadOrder[0].c1_1[3]",
    "form1[0].Page1[0].Line1f_ReadOrder[0].c1_2[0]",
    "form1[0].Page1[0].Line1f_ReadOrder[0].c1_2[1]",
    "form1[0].Page1[0].Line1f_ReadOrder[0].c1_2[2]",
    "form1[0].Page1[0].Line1f_ReadOrder[0].c1_2[3]",
    "form1[0].Page1[0].Line5_ReadOrder[0].f1_15[0]",
    "form1[0].Page1[0].Line8_ReadOrder[0].c1_3[0]",
    "form1[0].Page2[0].f2_03[0]",
    "form1[0].Page2[0].f2_04[0]",
    "form1[0].Page2[0].f2_05[0]",
    "form1[0].Page2[0].f2_06[0]",
    "form1[0].Page2[0].f2_07[0]",
    "form1[0].Page2[0].f2_08[0]",
    "form1[0].Page2[0].f2_09[0]",
    "form1[0].Page2[0].f2_10[0]",
    "form1[0].Page2[0].f2_11[0]",
    "form1[0].Page2[0].f2_12[0]",
    "form1[0].Page2[0].f2_13[0]",
    "form1[0].Page2[0].f2_14[0]",
    "form1[0].Page2[0].f2_15[0]",
    "form1[0].Page2[0].f2_16[0]",
    "form1[0].Page2[0].f2_17[0]",
    "form1[0].Page2[0].f2_18[0]",
    "form1[0].Page2[0].f2_21[0]",
    "form1[0].Page2[0].f2_22[0]",
    "form1[0].Page2[0].f2_23[0]",
    "form1[0].Page2[0].f2_25[0]",
    "form1[0].Page2[0].Line17a_ReadOrder[0].f2_02[0]",
    "form1[0].Page2[0].Line17a_ReadOrder[0].Line17_ReadOrder[0].f2_01[0]",
    "form1[0].Page2[0].Line17z_ReadOrder[0].f2_19[0]",
    "form1[0].Page2[0].Line17z_ReadOrder[0].f2_20[0]",
    "form1[0].Page2[0].Line20_ReadOrder[0].f2_24[0]",
  ],
  "f1040s3": Array [
    "topmostSubform[0].Page1[0].f1_01[0]",
    "topmostSubform[0].Page1[0].f1_02[0]",
    "topmostSubform[0].Page1[0].f1_03[0]",
    "topmostSubform[0].Page1[0].f1_04[0]",
    "topmostSubform[0].Page1[0].f1_05[0]",
    "topmostSubform[0].Page1[0].f1_06[0]",
    "topmostSubform[0].Page1[0].f1_07[0]",
    "topmostSubform[0].Page1[0].f1_08[0]",
    "topmostSubform[0].Page1[0].f1_10[0]",
    "topmostSubform[0].Page1[0].f1_11[0]",
    "topmostSubform[0].Page1[0].f1_12[0]",
    "topmostSubform[0].Page1[0].f1_13[0]",
    "topmostSubform[0].Page1[0].f1_14[0]",
    "topmostSubform[0].Page1[0].f1_15[0]",
    "topmostSubform[0].Page1[0].f1_16[0]",
    "topmostSubform[0].Page1[0].f1_17[0]",
    "topmostSubform[0].Page1[0].f1_18[0]",
    "topmostSubform[0].Page1[0].f1_19[0]",
    "topmostSubform[0].Page1[0].f1_20[0]",
    "topmostSubform[0].Page1[0].f1_21[0]",
    "topmostSubform[0].Page1[0].f1_24[0]",
    "topmostSubform[0].Page1[0].f1_25[0]",
    "topmostSubform[0].Page1[0].f1_26[0]",
    "topmostSubform[0].Page1[0].f1_27[0]",
    "topmostSubform[0].Page1[0].f1_28[0]",
    "topmostSubform[0].Page1[0].f1_29[0]",
    "topmostSubform[0].Page1[0].f1_30[0]",
    "topmostSubform[0].Page1[0].f1_32[0]",
    "topmostSubform[0].Page1[0].f1_33[0]",
    "topmostSubform[0].Page1[0].f1_34[0]",
    "topmostSubform[0].Page1[0].f1_37[0]",
    "topmostSubform[0].Page1[0].f1_38[0]",
    "topmostSubform[0].Page1[0].f1_39[0]",
    "topmostSubform[0].Page1[0].Line13_ReadOrder[0].f1_31[0]",
    "topmostSubform[0].Page1[0].Line13z_ReadOrder[0].f1_35[0]",
    "topmostSubform[0].Page1[0].Line13z_ReadOrder[0].f1_36[0]",
    "topmostSubform[0].Page1[0].Line6a_ReadOrder[0].f1_09[0]",
    "topmostSubform[0].Page1[0].Line6z_ReadOrder[0].f1_22[0]",
    "topmostSubform[0].Page1[0].Line6z_ReadOrder[0].f2_23[0]",
  ],
  "f1040s8": Array [
    "topmostSubform[0].Page1[0].c1_1[0]",
    "topmostSubform[0].Page1[0].c1_1[1]",
    "topmostSubform[0].Page1[0].f1_1[0]",
    "topmostSubform[0].Page1[0].f1_10[0]",
    "topmostSubform[0].Page1[0].f1_12[0]",
    "topmostSubform[0].Page1[0].f1_13[0]",
    "topmostSubform[0].Page1[0].f1_14[0]",
    "topmostSubform[0].Page1[0].f1_15[0]",
    "topmostSubform[0].Page1[0].f1_16[0]",
    "topmostSubform[0].Page1[0].f1_17[0]",
    "topmostSubform[0].Page1[0].f1_18[0]",
    "topmostSubform[0].Page1[0].f1_19[0]",
    "topmostSubform[0].Page1[0].f1_2[0]",
    "topmostSubform[0].Page1[0].f1_3[0]",
    "topmostSubform[0].Page1[0].f1_4[0]",
    "topmostSubform[0].Page1[0].f1_5[0]",
    "topmostSubform[0].Page1[0].f1_6[0]",
    "topmostSubform[0].Page1[0].f1_7[0]",
    "topmostSubform[0].Page1[0].f1_8[0]",
    "topmostSubform[0].Page1[0].f1_9[0]",
    "topmostSubform[0].Page1[0].Line6ReadOrder[0].f1_11[0]",
    "topmostSubform[0].Page2[0].c2_1[0]",
    "topmostSubform[0].Page2[0].c2_2[0]",
    "topmostSubform[0].Page2[0].c2_2[1]",
    "topmostSubform[0].Page2[0].c2_3[0]",
    "topmostSubform[0].Page2[0].c2_3[1]",
    "topmostSubform[0].Page2[0].f2_1[0]",
    "topmostSubform[0].Page2[0].f2_10[0]",
    "topmostSubform[0].Page2[0].f2_11[0]",
    "topmostSubform[0].Page2[0].f2_12[0]",
    "topmostSubform[0].Page2[0].f2_13[0]",
    "topmostSubform[0].Page2[0].f2_14[0]",
    "topmostSubform[0].Page2[0].f2_15[0]",
    "topmostSubform[0].Page2[0].f2_2[0]",
    "topmostSubform[0].Page2[0].f2_3[0]",
    "topmostSubform[0].Page2[0].f2_4[0]",
    "topmostSubform[0].Page2[0].f2_5[0]",
    "topmostSubform[0].Page2[0].f2_6[0]",
    "topmostSubform[0].Page2[0].f2_7[0]",
    "topmostSubform[0].Page2[0].f2_8[0]",
    "topmostSubform[0].Page2[0].f2_9[0]",
  ],
  "f1040sa": Array [
    "topmostSubform[0].Page1[0].c1_1[0]",
    "topmostSubform[0].Page1[0].f1_1[0]",
    "topmostSubform[0].Page1[0].f1_10[0]",
    "topmostSubform[0].Page1[0].f1_11[0]",
    "topmostSubform[0].Page1[0].f1_12[0]",
    "topmostSubform[0].Page1[0].f1_13[0]",
    "topmostSubform[0].Page1[0].f1_14[0]",
    "topmostSubform[0].Page1[0].f1_15[0]",
    "topmostSubform[0].Page1[0].f1_16[0]",
    "topmostSubform[0].Page1[0].f1_17[0]",
    "topmostSubform[0].Page1[0].f1_18[0]",
    "topmostSubform[0].Page1[0].f1_19[0]",
    "topmostSubform[0].Page1[0].f1_2[0]",
    "topmostSubform[0].Page1[0].f1_20[0]",
    "topmostSubform[0].Page1[0].f1_21[0]",
    "topmostSubform[0].Page1[0].f1_22[0]",
    "topmostSubform[0].Page1[0].f1_23[0]",
    "topmostSubform[0].Page1[0].f1_24[0]",
    "topmostSubform[0].Page1[0].f1_25[0]",
    "topmostSubform[0].Page1[0].f1_26[0]",
    "topmostSubform[0].Page1[0].f1_27[0]",
    "topmostSubform[0].Page1[0].f1_28[0]",
    "topmostSubform[0].Page1[0].f1_29[0]",
    "topmostSubform[0].Page1[0].f1_3[0]",
    "topmostSubform[0].Page1[0].f1_30[0]",
    "topmostSubform[0].Page1[0].f1_31[0]",
    "topmostSubform[0].Page1[0].f1_32[0]",
    "topmostSubform[0].Page1[0].f1_33[0]",
    "topmostSubform[0].Page1[0].f1_34[0]",
    "topmostSubform[0].Page1[0].f1_4[0]",
    "topmostSubform[0].Page1[0].f1_5[0]",
    "topmostSubform[0].Page1[0].f1_6[0]",
    "topmostSubform[0].Page1[0].f1_7[0]",
    "topmostSubform[0].Page1[0].f1_8[0]",
    "topmostSubform[0].Page1[0].f1_9[0]",
    "topmostSubform[0].Page1[0].Line18_ReadOrder[0].c1_3[0]",
    "topmostSubform[0].Page1[0].Line8_ReadOrder[0].c1_2[0]",
  ],
  "f1040sb": Array [
    "topmostSubform[0].Page1[0].c1_1[0]",
    "topmostSubform[0].Page1[0].c1_1[1]",
    "topmostSubform[0].Page1[0].c1_2[0]",
    "topmostSubform[0].Page1[0].c1_2[1]",
    "topmostSubform[0].Page1[0].c1_3[0]",
    "topmostSubform[0].Page1[0].c1_3[1]",
    "topmostSubform[0].Page1[0].f1_01[0]",
    "topmostSubform[0].Page1[0].f1_02[0]",
    "topmostSubform[0].Page1[0].f1_04[0]",
    "topmostSubform[0].Page1[0].f1_05[0]",
    "topmostSubform[0].Page1[0].f1_06[0]",
    "topmostSubform[0].Page1[0].f1_07[0]",
    "topmostSubform[0].Page1[0].f1_08[0]",
    "topmostSubform[0].Page1[0].f1_09[0]",
    "topmostSubform[0].Page1[0].f1_10[0]",
    "topmostSubform[0].Page1[0].f1_11[0]",
    "topmostSubform[0].Page1[0].f1_12[0]",
    "topmostSubform[0].Page1[0].f1_13[0]",
    "topmostSubform[0].Page1[0].f1_14[0]",
    "topmostSubform[0].Page1[0].f1_15[0]",
    "topmostSubform[0].Page1[0].f1_16[0]",
    "topmostSubform[0].Page1[0].f1_17[0]",
    "topmostSubform[0].Page1[0].f1_18[0]",
    "topmostSubform[0].Page1[0].f1_19[0]",
    "topmostSubform[0].Page1[0].f1_20[0]",
    "topmostSubform[0].Page1[0].f1_21[0]",
    "topmostSubform[0].Page1[0].f1_22[0]",
    "topmostSubform[0].Page1[0].f1_23[0]",
    "topmostSubform[0].Page1[0].f1_24[0]",
    "topmostSubform[0].Page1[0].f1_25[0]",
    "topmostSubform[0].Page1[0].f1_26[0]",
    "topmostSubform[0].Page1[0].f1_27[0]",
    "topmostSubform[0].Page1[0].f1_28[0]",
    "topmostSubform[0].Page1[0].f1_29[0]",
    "topmostSubform[0].Page1[0].f1_30[0]",
    "topmostSubform[0].Page1[0].f1_31[0]",
    "topmostSubform[0].Page1[0].f1_32[0]",
    "topmostSubform[0].Page1[0].f1_33[0]",
    "topmostSubform[0].Page1[0].f1_35[0]",
    "topmostSubform[0].Page1[0].f1_36[0]",
    "topmostSubform[0].Page1[0].f1_37[0]",
    "topmostSubform[0].Page1[0].f1_38[0]",
    "topmostSubform[0].Page1[0].f1_39[0]",
    "topmostSubform[0].Page1[0].f1_40[0]",
    "topmostSubform[0].Page1[0].f1_41[0]",
    "topmostSubform[0].Page1[0].f1_42[0]",
    "topmostSubform[0].Page1[0].f1_43[0]",
    "topmostSubform[0].Page1[0].f1_44[0]",
    "topmostSubform[0].Page1[0].f1_45[0]",
    "topmostSubform[0].Page1[0].f1_46[0]",
    "topmostSubform[0].Page1[0].f1_47[0]",
    "topmostSubform[0].Page1[0].f1_48[0]",
    "topmostSubform[0].Page1[0].f1_49[0]",
    "topmostSubform[0].Page1[0].f1_50[0]",
    "topmostSubform[0].Page1[0].f1_51[0]",
    "topmostSubform[0].Page1[0].f1_52[0]",
    "topmostSubform[0].Page1[0].f1_53[0]",
    "topmostSubform[0].Page1[0].f1_54[0]",
    "topmostSubform[0].Page1[0].f1_55[0]",
    "topmostSubform[0].Page1[0].f1_56[0]",
    "topmostSubform[0].Page1[0].f1_57[0]",
    "topmostSubform[0].Page1[0].f1_58[0]",
    "topmostSubform[0].Page1[0].f1_59[0]",
    "topmostSubform[0].Page1[0].f1_60[0]",
    "topmostSubform[0].Page1[0].f1_61[0]",
    "topmostSubform[0].Page1[0].f1_62[0]",
    "topmostSubform[0].Page1[0].f1_63[0]",
    "topmostSubform[0].Page1[0].f1_64[0]",
    "topmostSubform[0].Page1[0].f1_65[0]",
    "topmostSubform[0].Page1[0].f1_66[0]",
    "topmostSubform[0].Page1[0].Line1_ReadOrder[0].f1_03[0]",
    "topmostSubform[0].Page1[0].ReadOrderControl[0].f1_34[0]",
  ],
  "f1040sd": Array [
    "topmostSubform[0].Page1[0].c1_1[0]",
    "topmostSubform[0].Page1[0].c1_1[1]",
    "topmostSubform[0].Page1[0].f1_01[0]",
    "topmostSubform[0].Page1[0].f1_02[0]",
    "topmostSubform[0].Page1[0].f1_19[0]",
    "topmostSubform[0].Page1[0].f1_20[0]",
    "topmostSubform[0].Page1[0].f1_21[0]",
    "topmostSubform[0].Page1[0].f1_22[0]",
    "topmostSubform[0].Page1[0].f1_39[0]",
    "topmostSubform[0].Page1[0].f1_40[0]",
    "topmostSubform[0].Page1[0].f1_41[0]",
    "topmostSubform[0].Page1[0].f1_42[0]",
    "topmostSubform[0].Page1[0].f1_43[0]",
    "topmostSubform[0].Page1[0].Table_PartI[0].Row1a[0].f1_03[0]",
    "topmostSubform[0].Page1[0].Table_PartI[0].Row1a[0].f1_04[0]",
    "topmostSubform[0].Page1[0].Table_PartI[0].Row1a[0].f1_05_RO[0]",
    "topmostSubform[0].Page1[0].Table_PartI[0].Row1a[0].f1_06[0]",
    "topmostSubform[0].Page1[0].Table_PartI[0].Row1b[0].f1_07[0]",
    "topmostSubform[0].Page1[0].Table_PartI[0].Row1b[0].f1_08[0]",
    "topmostSubform[0].Page1[0].Table_PartI[0].Row1b[0].f1_09[0]",
    "topmostSubform[0].Page1[0].Table_PartI[0].Row1b[0].f1_10[0]",
    "topmostSubform[0].Page1[0].Table_PartI[0].Row2[0].f1_11[0]",
    "topmostSubform[0].Page1[0].Table_PartI[0].Row2[0].f1_12[0]",
    "topmostSubform[0].Page1[0].Table_PartI[0].Row2[0].f1_13[0]",
    "topmostSubform[0].Page1[0].Table_PartI[0].Row2[0].f1_14[0]",
    "topmostSubform[0].Page1[0].Table_PartI[0].Row3[0].f1_15[0]",
    "topmostSubform[0].Page1[0].Table_PartI[0].Row3[0].f1_16[0]",
    "topmostSubform[0].Page1[0].Table_PartI[0].Row3[0].f1_17[0]",
    "topmostSubform[0].Page1[0].Table_PartI[0].Row3[0].f1_18[0]",
    "topmostSubform[0].Page1[0].Table_PartII[0].Row10[0].f1_35[0]",
    "topmostSubform[0].Page1[0].Table_PartII[0].Row10[0].f1_36[0]",
    "topmostSubform[0].Page1[0].Table_PartII[0].Row10[0].f1_37[0]",
    "topmostSubform[0].Page1[0].Table_PartII[0].Row10[0].f1_38[0]",
    "topmostSubform[0].Page1[0].Table_PartII[0].Row8a[0].f1_23[0]",
    "topmostSubform[0].Page1[0].Table_PartII[0].Row8a[0].f1_24[0]",
    "topmostSubform[0].Page1[0].Table_PartII[0].Row8a[0].f1_25_RO[0]",
    "topmostSubform[0].Page1[0].Table_PartII[0].Row8a[0].f1_26[0]",
    "topmostSubform[0].Page1[0].Table_PartII[0].Row8b[0].f1_27[0]",
    "topmostSubform[0].Page1[0].Table_PartII[0].Row8b[0].f1_28[0]",
    "topmostSubform[0].Page1[0].Table_PartII[0].Row8b[0].f1_29[0]",
    "topmostSubform[0].Page1[0].Table_PartII[0].Row8b[0].f1_30[0]",
    "topmostSubform[0].Page1[0].Table_PartII[0].Row9[0].f1_31[0]",
    "topmostSubform[0].Page1[0].Table_PartII[0].Row9[0].f1_32[0]",
    "topmostSubform[0].Page1[0].Table_PartII[0].Row9[0].f1_33[0]",
    "topmostSubform[0].Page1[0].Table_PartII[0].Row9[0].f1_34[0]",
    "topmostSubform[0].Page2[0].c2_1[0]",
    "topmostSubform[0].Page2[0].c2_1[1]",
    "topmostSubform[0].Page2[0].c2_2[0]",
    "topmostSubform[0].Page2[0].c2_2[1]",
    "topmostSubform[0].Page2[0].c2_3[0]",
    "topmostSubform[0].Page2[0].c2_3[1]",
    "topmostSubform[0].Page2[0].f2_01[0]",
    "topmostSubform[0].Page2[0].f2_02[0]",
    "topmostSubform[0].Page2[0].f2_03[0]",
    "topmostSubform[0].Page2[0].TagCorrectingSubform[0].f2_04[0]",
  ],
  "f1040se": Array [
    "topmostSubform[0].Page1[0].c1_1[0]",
    "topmostSubform[0].Page1[0].c1_1[1]",
    "topmostSubform[0].Page1[0].c1_2[0]",
    "topmostSubform[0].Page1[0].c1_2[1]",
    "topmostSubform[0].Page1[0].f1_1[0]",
    "topmostSubform[0].Page1[0].f1_15[0]",
    "topmostSubform[0].Page1[0].f1_2[0]",
    "topmostSubform[0].Page1[0].f1_77[0]",
    "topmostSubform[0].Page1[0].f1_78[0]",
    "topmostSubform[0].Page1[0].f1_79[0]",
    "topmostSubform[0].Page1[0].f1_80[0]",
    "topmostSubform[0].Page1[0].f1_81[0]",
    "topmostSubform[0].Page1[0].f1_82[0]",
    "topmostSubform[0].Page1[0].f1_83[0]",
    "topmostSubform[0].Page1[0].f1_84[0]",
    "topmostSubform[0].Page1[0].Table_Expenses[0].Line10[0].f1_37[0]",
    "topmostSubform[0].Page1[0].Table_Expenses[0].Line10[0].f1_38[0]",
    "topmostSubform[0].Page1[0].Table_Expenses[0].Line10[0].f1_39[0]",
    "topmostSubform[0].Page1[0].Table_Expenses[0].Line11[0].f1_40[0]",
    "topmostSubform[0].Page1[0].Table_Expenses[0].Line11[0].f1_41[0]",
    "topmostSubform[0].Page1[0].Table_Expenses[0].Line11[0].f1_42[0]",
    "topmostSubform[0].Page1[0].Table_Expenses[0].Line12[0].f1_43[0]",
    "topmostSubform[0].Page1[0].Table_Expenses[0].Line12[0].f1_44[0]",
    "topmostSubform[0].Page1[0].Table_Expenses[0].Line12[0].f1_45[0]",
    "topmostSubform[0].Page1[0].Table_Expenses[0].Line13[0].f1_46[0]",
    "topmostSubform[0].Page1[0].Table_Expenses[0].Line13[0].f1_47[0]",
    "topmostSubform[0].Page1[0].Table_Expenses[0].Line13[0].f1_48[0]",
    "topmostSubform[0].Page1[0].Table_Expenses[0].Line14[0].f1_49[0]",
    "topmostSubform[0].Page1[0].Table_Expenses[0].Line14[0].f1_50[0]",
    "topmostSubform[0].Page1[0].Table_Expenses[0].Line14[0].f1_51[0]",
    "topmostSubform[0].Page1[0].Table_Expenses[0].Line15[0].f1_52[0]",
    "topmostSubform[0].Page1[0].Table_Expenses[0].Line15[0].f1_53[0]",
    "topmostSubform[0].Page1[0].Table_Expenses[0].Line15[0].f1_54[0]",
    "topmostSubform[0].Page1[0].Table_Expenses[0].Line16[0].f1_55[0]",
    "topmostSubform[0].Page1[0].Table_Expenses[0].Line16[0].f1_56[0]",
    "topmostSubform[0].Page1[0].Table_Expenses[0].Line16[0].f1_57[0]",
    "topmostSubform[0].Page1[0].Table_Expenses[0].Line17[0].f1_58[0]",
    "topmostSubform[0].Page1[0].Table_Expenses[0].Line17[0].f1_59[0]",
    "topmostSubform[0].Page1[0].Table_Expenses[0].Line17[0].f1_60[0]",
    "topmostSubform[0].Page1[0].Table_Expenses[0].Line18[0].f1_61[0]",
    "topmostSubform[0].Page1[0].Table_Expenses[0].Line18[0].f1_62[0]",
    "topmostSubform[0].Page1[0].Table_Expenses[0].Line18[0].f1_63[0]",
    "topmostSubform[0].Page1[0].Table_Expenses[0].Line19[0].f1_64[0]",
    "topmostSubform[0].Page1[0].Table_Expenses[0].Line19[0].f1_65[0]",
    "topmostSubform[0].Page1[0].Table_Expenses[0].Line19[0].f1_66[0]",
    "topmostSubform[0].Page1[0].Table_Expenses[0].Line19[0].f1_67[0]",
    "topmostSubform[0].Page1[0].Table_Expenses[0].Line20[0].f1_68[0]",
    "topmostSubform[0].Page1[0].Table_Expenses[0].Line20[0].f1_69[0]",
    "topmostSubform[0].Page1[0].Table_Expenses[0].Line20[0].f1_70[0]",
    "topmostSubform[0].Page1[0].Table_Expenses[0].Line21[0].f1_71[0]",
    "topmostSubform[0].Page1[0].Table_Expenses[0].Line21[0].f1_72[0]",
    "topmostSubform[0].Page1[0].Table_Expenses[0].Line21[0].f1_73[0]",
    "topmostSubform[0].Page1[0].Table_Expenses[0].Line22[0].f1_74[0]",
    "topmostSubform[0].Page1[0].Table_Expenses[0].Line22[0].f1_75[0]",
    "topmostSubform[0].Page1[0].Table_Expenses[0].Line22[0].f1_76[0]",
    "topmostSubform[0].Page1[0].Table_Expenses[0].Line5[0].f1_22[0]",
    "topmostSubform[0].Page1[0].Table_Expenses[0].Line5[0].f1_23[0]",
    "topmostSubform[0].Page1[0].Table_Expenses[0].Line5[0].f1_24[0]",
    "topmostSubform[0].Page1[0].Table_Expenses[0].Line6[0].f1_25[0]",
    "topmostSubform[0].Page1[0].Table_Expenses[0].Line6[0].f1_26[0]",
    "topmostSubform[0].Page1[0].Table_Expenses[0].Line6[0].f1_27[0]",
    "topmostSubform[0].Page1[0].Table_Expenses[0].Line7[0].f1_28[0]",
    "topmostSubform[0].Page1[0].Table_Expenses[0].Line7[0].f1_29[0]",
    "topmostSubform[0].Page1[0].Table_Expenses[0].Line7[0].f1_30[0]",
    "topmostSubform[0].Page1[0].Table_Expenses[0].Line8[0].f1_31[0]",
    "topmostSubform[0].Page1[0].Table_Expenses[0].Line8[0].f1_32[0]",
    "topmostSubform[0].Page1[0].Table_Expenses[0].Line8[0].f1_33[0]",
    "topmostSubform[0].Page1[0].Table_Expenses[0].Line9[0].f1_34[0]",
    "topmostSubform[0].Page1[0].Table_Expenses[0].Line9[0].f1_35[0]",
    "topmostSubform[0].Page1[0].Table_Expenses[0].Line9[0].f1_36[0]",
    "topmostSubform[0].Page1[0].Table_Income[0].Line3[0].f1_16[0]",
    "topmostSubform[0].Page1[0].Table_Income[0].Line3[0].f1_17[0]",
    "topmostSubform[0].Page1[0].Table_Income[0].Line3[0].f1_18[0]",
    "topmostSubform[0].Page1[0].Table_Income[0].Line4[0].f1_19[0]",
    "topmostSubform[0].Page1[0].Table_Income[0].Line4[0].f1_20[0]",
    "topmostSubform[0].Page1[0].Table_Income[0].Line4[0].f1_21[0]",
    "topmostSubform[0].Page1[0].Table_Line1a[0].RowA[0].f1_3[0]",
    "topmostSubform[0].Page1[0].Table_Line1a[0].RowB[0].f1_4[0]",
    "topmostSubform[0].Page1[0].Table_Line1a[0].RowC[0].f1_5[0]",
    "topmostSubform[0].Page1[0].Table_Line1b[0].RowA[0].f1_6[0]",
    "topmostSubform[0].Page1[0].Table_Line1b[0].RowB[0].f1_7[0]",
    "topmostSubform[0].Page1[0].Table_Line1b[0].RowC[0].f1_8[0]",
    "topmostSubform[0].Page1[0].Table_Line2[0].RowA[0].c1_3[0]",
    "topmostSubform[0].Page1[0].Table_Line2[0].RowA[0].f1_10[0]",
    "topmostSubform[0].Page1[0].Table_Line2[0].RowA[0].f1_9[0]",
    "topmostSubform[0].Page1[0].Table_Line2[0].RowB[0].c1_4[0]",
    "topmostSubform[0].Page1[0].Table_Line2[0].RowB[0].f1_11[0]",
    "topmostSubform[0].Page1[0].Table_Line2[0].RowB[0].f1_12[0]",
    "topmostSubform[0].Page1[0].Table_Line2[0].RowC[0].c1_5[0]",
    "topmostSubform[0].Page1[0].Table_Line2[0].RowC[0].f1_13[0]",
    "topmostSubform[0].Page1[0].Table_Line2[0].RowC[0].f1_14[0]",
    "topmostSubform[0].Page2[0].c2_1[0]",
    "topmostSubform[0].Page2[0].c2_1[1]",
    "topmostSubform[0].Page2[0].f2_1[0]",
    "topmostSubform[0].Page2[0].f2_2[0]",
    "topmostSubform[0].Page2[0].f2_35[0]",
    "topmostSubform[0].Page2[0].f2_36[0]",
    "topmostSubform[0].Page2[0].f2_37[0]",
    "topmostSubform[0].Page2[0].f2_38[0]",
    "topmostSubform[0].Page2[0].f2_39[0]",
    "topmostSubform[0].Page2[0].f2_40[0]",
    "topmostSubform[0].Page2[0].f2_41[0]",
    "topmostSubform[0].Page2[0].f2_42[0]",
    "topmostSubform[0].Page2[0].f2_43[0]",
    "topmostSubform[0].Page2[0].f2_44[0]",
    "topmostSubform[0].Page2[0].f2_45[0]",
    "topmostSubform[0].Page2[0].f2_46[0]",
    "topmostSubform[0].Page2[0].f2_47[0]",
    "topmostSubform[0].Page2[0].f2_60[0]",
    "topmostSubform[0].Page2[0].f2_61[0]",
    "topmostSubform[0].Page2[0].f2_62[0]",
    "topmostSubform[0].Page2[0].f2_63[0]",
    "topmostSubform[0].Page2[0].f2_64[0]",
    "topmostSubform[0].Page2[0].f2_65[0]",
    "topmostSubform[0].Page2[0].f2_66[0]",
    "topmostSubform[0].Page2[0].f2_67[0]",
    "topmostSubform[0].Page2[0].f2_68[0]",
    "topmostSubform[0].Page2[0].f2_69[0]",
    "topmostSubform[0].Page2[0].f2_70[0]",
    "topmostSubform[0].Page2[0].f2_76[0]",
    "topmostSubform[0].Page2[0].f2_77[0]",
    "topmostSubform[0].Page2[0].f2_78[0]",
    "topmostSubform[0].Page2[0].f2_80[0]",
    "topmostSubform[0].Page2[0].Line42_ReadOrder[0].f2_79[0]",
    "topmostSubform[0].Page2[0].Table_Line28a-f[0].RowA[0].c2_2[0]",
    "topmostSubform[0].Page2[0].Table_Line28a-f[0].RowA[0].c2_3[0]",
    "topmostSubform[0].Page2[0].Table_Line28a-f[0].RowA[0].c2_4[0]",
    "topmostSubform[0].Page2[0].Table_Line28a-f[0].RowA[0].f2_3[0]",
    "topmostSubform[0].Page2[0].Table_Line28a-f[0].RowA[0].f2_4[0]",
    "topmostSubform[0].Page2[0].Table_Line28a-f[0].RowA[0].f2_5[0]",
    "topmostSubform[0].Page2[0].Table_Line28a-f[0].RowB[0].c2_5[0]",
    "topmostSubform[0].Page2[0].Table_Line28a-f[0].RowB[0].c2_6[0]",
    "topmostSubform[0].Page2[0].Table_Line28a-f[0].RowB[0].c2_7[0]",
    "topmostSubform[0].Page2[0].Table_Line28a-f[0].RowB[0].f2_6[0]",
    "topmostSubform[0].Page2[0].Table_Line28a-f[0].RowB[0].f2_7[0]",
    "topmostSubform[0].Page2[0].Table_Line28a-f[0].RowB[0].f2_8[0]",
    "topmostSubform[0].Page2[0].Table_Line28a-f[0].RowC[0].c2_10[0]",
    "topmostSubform[0].Page2[0].Table_Line28a-f[0].RowC[0].c2_8[0]",
    "topmostSubform[0].Page2[0].Table_Line28a-f[0].RowC[0].c2_9[0]",
    "topmostSubform[0].Page2[0].Table_Line28a-f[0].RowC[0].f2_10[0]",
    "topmostSubform[0].Page2[0].Table_Line28a-f[0].RowC[0].f2_11[0]",
    "topmostSubform[0].Page2[0].Table_Line28a-f[0].RowC[0].f2_9[0]",
    "topmostSubform[0].Page2[0].Table_Line28a-f[0].RowD[0].c2_11[0]",
    "topmostSubform[0].Page2[0].Table_Line28a-f[0].RowD[0].c2_12[0]",
    "topmostSubform[0].Page2[0].Table_Line28a-f[0].RowD[0].c2_13[0]",
    "topmostSubform[0].Page2[0].Table_Line28a-f[0].RowD[0].f2_12[0]",
    "topmostSubform[0].Page2[0].Table_Line28a-f[0].RowD[0].f2_13[0]",
    "topmostSubform[0].Page2[0].Table_Line28a-f[0].RowD[0].f2_14[0]",
    "topmostSubform[0].Page2[0].Table_Line28g-k[0].RowA[0].f2_15[0]",
    "topmostSubform[0].Page2[0].Table_Line28g-k[0].RowA[0].f2_16[0]",
    "topmostSubform[0].Page2[0].Table_Line28g-k[0].RowA[0].f2_17[0]",
    "topmostSubform[0].Page2[0].Table_Line28g-k[0].RowA[0].f2_18[0]",
    "topmostSubform[0].Page2[0].Table_Line28g-k[0].RowA[0].f2_19[0]",
    "topmostSubform[0].Page2[0].Table_Line28g-k[0].RowB[0].f2_20[0]",
    "topmostSubform[0].Page2[0].Table_Line28g-k[0].RowB[0].f2_21[0]",
    "topmostSubform[0].Page2[0].Table_Line28g-k[0].RowB[0].f2_22[0]",
    "topmostSubform[0].Page2[0].Table_Line28g-k[0].RowB[0].f2_23[0]",
    "topmostSubform[0].Page2[0].Table_Line28g-k[0].RowB[0].f2_24[0]",
    "topmostSubform[0].Page2[0].Table_Line28g-k[0].RowC[0].f2_25[0]",
    "topmostSubform[0].Page2[0].Table_Line28g-k[0].RowC[0].f2_26[0]",
    "topmostSubform[0].Page2[0].Table_Line28g-k[0].RowC[0].f2_27[0]",
    "topmostSubform[0].Page2[0].Table_Line28g-k[0].RowC[0].f2_28[0]",
    "topmostSubform[0].Page2[0].Table_Line28g-k[0].RowC[0].f2_29[0]",
    "topmostSubform[0].Page2[0].Table_Line28g-k[0].RowD[0].f2_30[0]",
    "topmostSubform[0].Page2[0].Table_Line28g-k[0].RowD[0].f2_31[0]",
    "topmostSubform[0].Page2[0].Table_Line28g-k[0].RowD[0].f2_32[0]",
    "topmostSubform[0].Page2[0].Table_Line28g-k[0].RowD[0].f2_33[0]",
    "topmostSubform[0].Page2[0].Table_Line28g-k[0].RowD[0].f2_34[0]",
    "topmostSubform[0].Page2[0].Table_Line33a-b[0].RowA[0].f2_48[0]",
    "topmostSubform[0].Page2[0].Table_Line33a-b[0].RowA[0].f2_49[0]",
    "topmostSubform[0].Page2[0].Table_Line33a-b[0].RowB[0].f2_50[0]",
    "topmostSubform[0].Page2[0].Table_Line33a-b[0].RowB[0].f2_51[0]",
    "topmostSubform[0].Page2[0].Table_Line33c-f[0].RowA[0].f2_52[0]",
    "topmostSubform[0].Page2[0].Table_Line33c-f[0].RowA[0].f2_53[0]",
    "topmostSubform[0].Page2[0].Table_Line33c-f[0].RowA[0].f2_54[0]",
    "topmostSubform[0].Page2[0].Table_Line33c-f[0].RowA[0].f2_55[0]",
    "topmostSubform[0].Page2[0].Table_Line33c-f[0].RowB[0].f2_56[0]",
    "topmostSubform[0].Page2[0].Table_Line33c-f[0].RowB[0].f2_57[0]",
    "topmostSubform[0].Page2[0].Table_Line33c-f[0].RowB[0].f2_58[0]",
    "topmostSubform[0].Page2[0].Table_Line33c-f[0].RowB[0].f2_59[0]",
    "topmostSubform[0].Page2[0].Table_Line38[0].Row1[0].f2_71[0]",
    "topmostSubform[0].Page2[0].Table_Line38[0].Row1[0].f2_72[0]",
    "topmostSubform[0].Page2[0].Table_Line38[0].Row1[0].f2_73[0]",
    "topmostSubform[0].Page2[0].Table_Line38[0].Row1[0].f2_74[0]",
    "topmostSubform[0].Page2[0].Table_Line38[0].Row1[0].f2_75[0]",
  ],
  "f1040sse": Array [
    "topmostSubform[0].Page1[0].c1_1[0]",
    "topmostSubform[0].Page1[0].f1_1[0]",
    "topmostSubform[0].Page1[0].f1_11[0]",
    "topmostSubform[0].Page1[0].f1_12[0]",
    "topmostSubform[0].Page1[0].f1_13[0]",
    "topmostSubform[0].Page1[0].f1_15[0]",
    "topmostSubform[0].Page1[0].f1_16[0]",
    "topmostSubform[0].Page1[0].f1_17[0]",
    "topmostSubform[0].Page1[0].f1_18[0]",
    "topmostSubform[0].Page1[0].f1_19[0]",
    "topmostSubform[0].Page1[0].f1_2[0]",
    "topmostSubform[0].Page1[0].f1_20[0]",
    "topmostSubform[0].Page1[0].f1_21[0]",
    "topmostSubform[0].Page1[0].f1_22[0]",
    "topmostSubform[0].Page1[0].f1_3[0]",
    "topmostSubform[0].Page1[0].f1_4[0]",
    "topmostSubform[0].Page1[0].f1_5[0]",
    "topmostSubform[0].Page1[0].f1_6[0]",
    "topmostSubform[0].Page1[0].f1_7[0]",
    "topmostSubform[0].Page1[0].f1_8[0]",
    "topmostSubform[0].Page1[0].f1_9[0]",
    "topmostSubform[0].Page1[0].Line5a_ReadOrder[0].f1_10[0]",
    "topmostSubform[0].Page1[0].Line8a_ReadOrder[0].f1_14[0]",
    "topmostSubform[0].Page2[0].f2_1[0]",
    "topmostSubform[0].Page2[0].f2_2[0]",
    "topmostSubform[0].Page2[0].f2_3[0]",
    "topmostSubform[0].Page2[0].f2_4[0]",
  ],
  "f1040v": Array [
    "topmostSubform[0].Page1[0].f1_1[0]",
    "topmostSubform[0].Page1[0].f1_10[0]",
    "topmostSubform[0].Page1[0].f1_11[0]",
    "topmostSubform[0].Page1[0].f1_12[0]",
    "topmostSubform[0].Page1[0].f1_13[0]",
    "topmostSubform[0].Page1[0].f1_14[0]",
    "topmostSubform[0].Page1[0].f1_15[0]",
    "topmostSubform[0].Page1[0].f1_16[0]",
    "topmostSubform[0].Page1[0].f1_2[0]",
    "topmostSubform[0].Page1[0].f1_3[0]",
    "topmostSubform[0].Page1[0].f1_5[0]",
    "topmostSubform[0].Page1[0].f1_6[0]",
    "topmostSubform[0].Page1[0].f1_7[0]",
    "topmostSubform[0].Page1[0].f1_8[0]",
    "topmostSubform[0].Page1[0].f1_9[0]",
  ],
  "f6251": Array [
    "topmostSubform[0].Page1[0].f1_1[0]",
    "topmostSubform[0].Page1[0].f1_10[0]",
    "topmostSubform[0].Page1[0].f1_11[0]",
    "topmostSubform[0].Page1[0].f1_12[0]",
    "topmostSubform[0].Page1[0].f1_13[0]",
    "topmostSubform[0].Page1[0].f1_14[0]",
    "topmostSubform[0].Page1[0].f1_15[0]",
    "topmostSubform[0].Page1[0].f1_16[0]",
    "topmostSubform[0].Page1[0].f1_17[0]",
    "topmostSubform[0].Page1[0].f1_18[0]",
    "topmostSubform[0].Page1[0].f1_19[0]",
    "topmostSubform[0].Page1[0].f1_2[0]",
    "topmostSubform[0].Page1[0].f1_20[0]",
    "topmostSubform[0].Page1[0].f1_21[0]",
    "topmostSubform[0].Page1[0].f1_22[0]",
    "topmostSubform[0].Page1[0].f1_23[0]",
    "topmostSubform[0].Page1[0].f1_24[0]",
    "topmostSubform[0].Page1[0].f1_25[0]",
    "topmostSubform[0].Page1[0].f1_26[0]",
    "topmostSubform[0].Page1[0].f1_27[0]",
    "topmostSubform[0].Page1[0].f1_28[0]",
    "topmostSubform[0].Page1[0].f1_29[0]",
    "topmostSubform[0].Page1[0].f1_3[0]",
    "topmostSubform[0].Page1[0].f1_30[0]",
    "topmostSubform[0].Page1[0].f1_31[0]",
    "topmostSubform[0].Page1[0].f1_32[0]",
    "topmostSubform[0].Page1[0].f1_4[0]",
    "topmostSubform[0].Page1[0].f1_5[0]",
    "topmostSubform[0].Page1[0].f1_6[0]",
    "topmostSubform[0].Page1[0].f1_7[0]",
    "topmostSubform[0].Page1[0].f1_8[0]",
    "topmostSubform[0].Page1[0].f1_9[0]",
    "topmostSubform[0].Page2[0].f2_1[0]",
    "topmostSubform[0].Page2[0].f2_10[0]",
    "topmostSubform[0].Page2[0].f2_11[0]",
    "topmostSubform[0].Page2[0].f2_12[0]",
    "topmostSubform[0].Page2[0].f2_13[0]",
    "topmostSubform[0].Page2[0].f2_14[0]",
    "topmostSubform[0].Page2[0].f2_15[0]",
    "topmostSubform[0].Page2[0].f2_16[0]",
    "topmostSubform[0].Page2[0].f2_17[0]",
    "topmostSubform[0].Page2[0].f2_18[0]",
    "topmostSubform[0].Page2[0].f2_19[0]",
    "topmostSubform[0].Page2[0].f2_2[0]",
    "topmostSubform[0].Page2[0].f2_20[0]",
    "topmostSubform[0].Page2[0].f2_21[0]",
    "topmostSubform[0].Page2[0].f2_22[0]",
    "topmostSubform[0].Page2[0].f2_23[0]",
    "topmostSubform[0].Page2[0].f2_24[0]",
    "topmostSubform[0].Page2[0].f2_25[0]",
    "topmostSubform[0].Page2[0].f2_26[0]",
    "topmostSubform[0].Page2[0].f2_27[0]",
    "topmostSubform[0].Page2[0].f2_28[0]",
    "topmostSubform[0].Page2[0].f2_29[0]",
    "topmostSubform[0].Page2[0].f2_3[0]",
    "topmostSubform[0].Page2[0].f2_4[0]",
    "topmostSubform[0].Page2[0].f2_5[0]",
    "topmostSubform[0].Page2[0].f2_6[0]",
    "topmostSubform[0].Page2[0].f2_7[0]",
    "topmostSubform[0].Page2[0].f2_8[0]",
    "topmostSubform[0].Page2[0].f2_9[0]",
  ],
  "f8889": Array [
    "topmostSubform[0].Page1[0].c1_1[0]",
    "topmostSubform[0].Page1[0].c1_1[1]",
    "topmostSubform[0].Page1[0].c1_2[0]",
    "topmostSubform[0].Page1[0].f1_1[0]",
    "topmostSubform[0].Page1[0].f1_10[0]",
    "topmostSubform[0].Page1[0].f1_11[0]",
    "topmostSubform[0].Page1[0].f1_12[0]",
    "topmostSubform[0].Page1[0].f1_13[0]",
    "topmostSubform[0].Page1[0].f1_14[0]",
    "topmostSubform[0].Page1[0].f1_15[0]",
    "topmostSubform[0].Page1[0].f1_16[0]",
    "topmostSubform[0].Page1[0].f1_17[0]",
    "topmostSubform[0].Page1[0].f1_18[0]",
    "topmostSubform[0].Page1[0].f1_19[0]",
    "topmostSubform[0].Page1[0].f1_2[0]",
    "topmostSubform[0].Page1[0].f1_20[0]",
    "topmostSubform[0].Page1[0].f1_21[0]",
    "topmostSubform[0].Page1[0].f1_22[0]",
    "topmostSubform[0].Page1[0].f1_23[0]",
    "topmostSubform[0].Page1[0].f1_24[0]",
    "topmostSubform[0].Page1[0].f1_3[0]",
    "topmostSubform[0].Page1[0].f1_4[0]",
    "topmostSubform[0].Page1[0].f1_5[0]",
    "topmostSubform[0].Page1[0].f1_6[0]",
    "topmostSubform[0].Page1[0].f1_7[0]",
    "topmostSubform[0].Page1[0].f1_8[0]",
    "topmostSubform[0].Page1[0].f1_9[0]",
  ],
  "f8949": Array [
    "topmostSubform[0].Page1[0].c1_1[0]",
    "topmostSubform[0].Page1[0].c1_1[1]",
    "topmostSubform[0].Page1[0].c1_1[2]",
    "topmostSubform[0].Page1[0].f1_1[0]",
    "topmostSubform[0].Page1[0].f1_115[0]",
    "topmostSubform[0].Page1[0].f1_116[0]",
    "topmostSubform[0].Page1[0].f1_117[0]",
    "topmostSubform[0].Page1[0].f1_118[0]",
    "topmostSubform[0].Page1[0].f1_119[0]",
    "topmostSubform[0].Page1[0].f1_2[0]",
    "topmostSubform[0].Page1[0].Table_Line1[0].Row1[0].f1_10[0]",
    "topmostSubform[0].Page1[0].Table_Line1[0].Row1[0].f1_3[0]",
    "topmostSubform[0].Page1[0].Table_Line1[0].Row1[0].f1_4[0]",
    "topmostSubform[0].Page1[0].Table_Line1[0].Row1[0].f1_5[0]",
    "topmostSubform[0].Page1[0].Table_Line1[0].Row1[0].f1_6[0]",
    "topmostSubform[0].Page1[0].Table_Line1[0].Row1[0].f1_7[0]",
    "topmostSubform[0].Page1[0].Table_Line1[0].Row1[0].f1_8[0]",
    "topmostSubform[0].Page1[0].Table_Line1[0].Row1[0].f1_9[0]",
    "topmostSubform[0].Page1[0].Table_Line1[0].Row10[0].f1_75[0]",
    "topmostSubform[0].Page1[0].Table_Line1[0].Row10[0].f1_76[0]",
    "topmostSubform[0].Page1[0].Table_Line1[0].Row10[0].f1_77[0]",
    "topmostSubform[0].Page1[0].Table_Line1[0].Row10[0].f1_78[0]",
    "topmostSubform[0].Page1[0].Table_Line1[0].Row10[0].f1_79[0]",
    "topmostSubform[0].Page1[0].Table_Line1[0].Row10[0].f1_80[0]",
    "topmostSubform[0].Page1[0].Table_Line1[0].Row10[0].f1_81[0]",
    "topmostSubform[0].Page1[0].Table_Line1[0].Row10[0].f1_82[0]",
    "topmostSubform[0].Page1[0].Table_Line1[0].Row11[0].f1_83[0]",
    "topmostSubform[0].Page1[0].Table_Line1[0].Row11[0].f1_84[0]",
    "topmostSubform[0].Page1[0].Table_Line1[0].Row11[0].f1_85[0]",
    "topmostSubform[0].Page1[0].Table_Line1[0].Row11[0].f1_86[0]",
    "topmostSubform[0].Page1[0].Table_Line1[0].Row11[0].f1_87[0]",
    "topmostSubform[0].Page1[0].Table_Line1[0].Row11[0].f1_88[0]",
    "topmostSubform[0].Page1[0].Table_Line1[0].Row11[0].f1_89[0]",
    "topmostSubform[0].Page1[0].Table_Line1[0].Row11[0].f1_90[0]",
    "topmostSubform[0].Page1[0].Table_Line1[0].Row12[0].f1_91[0]",
    "topmostSubform[0].Page1[0].Table_Line1[0].Row12[0].f1_92[0]",
    "topmostSubform[0].Page1[0].Table_Line1[0].Row12[0].f1_93[0]",
    "topmostSubform[0].Page1[0].Table_Line1[0].Row12[0].f1_94[0]",
    "topmostSubform[0].Page1[0].Table_Line1[0].Row12[0].f1_95[0]",
    "topmostSubform[0].Page1[0].Table_Line1[0].Row12[0].f1_96[0]",
    "topmostSubform[0].Page1[0].Table_Line1[0].Row12[0].f1_97[0]",
    "topmostSubform[0].Page1[0].Table_Line1[0].Row12[0].f1_98[0]",
    "topmostSubform[0].Page1[0].Table_Line1[0].Row13[0].f1_100[0]",
    "topmostSubform[0].Page1[0].Table_Line1[0].Row13[0].f1_101[0]",
    "topmostSubform[0].Page1[0].Table_Line1[0].Row13[0].f1_102[0]",
    "topmostSubform[0].Page1[0].Table_Line1[0].Row13[0].f1_103[0]",
    "topmostSubform[0].Page1[0].Table_Line1[0].Row13[0].f1_104[0]",
    "topmostSubform[0].Page1[0].Table_Line1[0].Row13[0].f1_105[0]",
    "topmostSubform[0].Page1[0].Table_Line1[0].Row13[0].f1_106[0]",
    "topmostSubform[0].Page1[0].Table_Line1[0].Row13[0].f1_99[0]",
    "topmostSubform[0].Page1[0].Table_Line1[0].Row14[0].f1_107[0]",
    "topmostSubform[0].Page1[0].Table_Line1[0].Row14[0].f1_108[0]",
    "topmostSubform[0].Page1[0].Table_Line1[0].Row14[0].f1_109[0]",
    "topmostSubform[0].Page1[0].Table_Line1[0].Row14[0].f1_110[0]",
    "topmostSubform[0].Page1[0].Table_Line1[0].Row14[0].f1_111[0]",
    "topmostSubform[0].Page1[0].Table_Line1[0].Row14[0].f1_112[0]",
    "topmostSubform[0].Page1[0].Table_Line1[0].Row14[0].f1_113[0]",
    "topmostSubform[0].Page1[0].Table_Line1[0].Row14[0].f1_114[0]",
    "topmostSubform[0].Page1[0].Table_Line1[0].Row2[0].f1_11[0]",
    "topmostSubform[0].Page1[0].Table_Line1[0].Row2[0].f1_12[0]",
    "topmostSubform[0].Page1[0].Table_Line1[0].Row2[0].f1_13[0]",
    "topmostSubform[0].Page1[0].Table_Line1[0].Row2[0].f1_14[0]",
    "topmostSubform[0].Page1[0].Table_Line1[0].Row2[0].f1_15[0]",
    "topmostSubform[0].Page1[0].Table_Line1[0].Row2[0].f1_16[0]",
    "topmostSubform[0].Page1[0].Table_Line1[0].Row2[0].f1_17[0]",
    "topmostSubform[0].Page1[0].Table_Line1[0].Row2[0].f1_18[0]",
    "topmostSubform[0].Page1[0].Table_Line1[0].Row3[0].f1_19[0]",
    "topmostSubform[0].Page1[0].Table_Line1[0].Row3[0].f1_20[0]",
    "topmostSubform[0].Page1[0].Table_Line1[0].Row3[0].f1_21[0]",
    "topmostSubform[0].Page1[0].Table_Line1[0].Row3[0].f1_22[0]",
    "topmostSubform[0].Page1[0].Table_Line1[0].Row3[0].f1_23[0]",
    "topmostSubform[0].Page1[0].Table_Line1[0].Row3[0].f1_24[0]",
    "topmostSubform[0].Page1[0].Table_Line1[0].Row3[0].f1_25[0]",
    "topmostSubform[0].Page1[0].Table_Line1[0].Row3[0].f1_26[0]",
    "topmostSubform[0].Page1[0].Table_Line1[0].Row4[0].f1_27[0]",
    "topmostSubform[0].Page1[0].Table_Line1[0].Row4[0].f1_28[0]",
    "topmostSubform[0].Page1[0].Table_Line1[0].Row4[0].f1_29[0]",
    "topmostSubform[0].Page1[0].Table_Line1[0].Row4[0].f1_30[0]",
    "topmostSubform[0].Page1[0].Table_Line1[0].Row4[0].f1_31[0]",
    "topmostSubform[0].Page1[0].Table_Line1[0].Row4[0].f1_32[0]",
    "topmostSubform[0].Page1[0].Table_Line1[0].Row4[0].f1_33[0]",
    "topmostSubform[0].Page1[0].Table_Line1[0].Row4[0].f1_34[0]",
    "topmostSubform[0].Page1[0].Table_Line1[0].Row5[0].f1_35[0]",
    "topmostSubform[0].Page1[0].Table_Line1[0].Row5[0].f1_36[0]",
    "topmostSubform[0].Page1[0].Table_Line1[0].Row5[0].f1_37[0]",
    "topmostSubform[0].Page1[0].Table_Line1[0].Row5[0].f1_38[0]",
    "topmostSubform[0].Page1[0].Table_Line1[0].Row5[0].f1_39[0]",
    "topmostSubform[0].Page1[0].Table_Line1[0].Row5[0].f1_40[0]",
    "topmostSubform[0].Page1[0].Table_Line1[0].Row5[0].f1_41[0]",
    "topmostSubform[0].Page1[0].Table_Line1[0].Row5[0].f1_42[0]",
    "topmostSubform[0].Page1[0].Table_Line1[0].Row6[0].f1_43[0]",
    "topmostSubform[0].Page1[0].Table_Line1[0].Row6[0].f1_44[0]",
    "topmostSubform[0].Page1[0].Table_Line1[0].Row6[0].f1_45[0]",
    "topmostSubform[0].Page1[0].Table_Line1[0].Row6[0].f1_46[0]",
    "topmostSubform[0].Page1[0].Table_Line1[0].Row6[0].f1_47[0]",
    "topmostSubform[0].Page1[0].Table_Line1[0].Row6[0].f1_48[0]",
    "topmostSubform[0].Page1[0].Table_Line1[0].Row6[0].f1_49[0]",
    "topmostSubform[0].Page1[0].Table_Line1[0].Row6[0].f1_50[0]",
    "topmostSubform[0].Page1[0].Table_Line1[0].Row7[0].f1_51[0]",
    "topmostSubform[0].Page1[0].Table_Line1[0].Row7[0].f1_52[0]",
    "topmostSubform[0].Page1[0].Table_Line1[0].Row7[0].f1_53[0]",
    "topmostSubform[0].Page1[0].Table_Line1[0].Row7[0].f1_54[0]",
    "topmostSubform[0].Page1[0].Table_Line1[0].Row7[0].f1_55[0]",
    "topmostSubform[0].Page1[0].Table_Line1[0].Row7[0].f1_56[0]",
    "topmostSubform[0].Page1[0].Table_Line1[0].Row7[0].f1_57[0]",
    "topmostSubform[0].Page1[0].Table_Line1[0].Row7[0].f1_58[0]",
    "topmostSubform[0].Page1[0].Table_Line1[0].Row8[0].f1_59[0]",
    "topmostSubform[0].Page1[0].Table_Line1[0].Row8[0].f1_60[0]",
    "topmostSubform[0].Page1[0].Table_Line1[0].Row8[0].f1_61[0]",
    "topmostSubform[0].Page1[0].Table_Line1[0].Row8[0].f1_62[0]",
    "topmostSubform[0].Page1[0].Table_Line1[0].Row8[0].f1_63[0]",
    "topmostSubform[0].Page1[0].Table_Line1[0].Row8[0].f1_64[0]",
    "topmostSubform[0].Page1[0].Table_Line1[0].Row8[0].f1_65[0]",
    "topmostSubform[0].Page1[0].Table_Line1[0].Row8[0].f1_66[0]",
    "topmostSubform[0].Page1[0].Table_Line1[0].Row9[0].f1_67[0]",
    "topmostSubform[0].Page1[0].Table_Line1[0].Row9[0].f1_68[0]",
    "topmostSubform[0].Page1[0].Table_Line1[0].Row9[0].f1_69[0]",
    "topmostSubform[0].Page1[0].Table_Line1[0].Row9[0].f1_70[0]",
    "topmostSubform[0].Page1[0].Table_Line1[0].Row9[0].f1_71[0]",
    "topmostSubform[0].Page1[0].Table_Line1[0].Row9[0].f1_72[0]",
    "topmostSubform[0].Page1[0].Table_Line1[0].Row9[0].f1_73[0]",
    "topmostSubform[0].Page1[0].Table_Line1[0].Row9[0].f1_74[0]",
    "topmostSubform[0].Page2[0].c2_1[0]",
    "topmostSubform[0].Page2[0].c2_1[1]",
    "topmostSubform[0].Page2[0].c2_1[2]",
    "topmostSubform[0].Page2[0].f2_1[0]",
    "topmostSubform[0].Page2[0].f2_115[0]",
    "topmostSubform[0].Page2[0].f2_116[0]",
    "topmostSubform[0].Page2[0].f2_117[0]",
    "topmostSubform[0].Page2[0].f2_118[0]",
    "topmostSubform[0].Page2[0].f2_119[0]",
    "topmostSubform[0].Page2[0].f2_2[0]",
    "topmostSubform[0].Page2[0].Table_Line1[0].Row1[0].f2_10[0]",
    "topmostSubform[0].Page2[0].Table_Line1[0].Row1[0].f2_3[0]",
    "topmostSubform[0].Page2[0].Table_Line1[0].Row1[0].f2_4[0]",
    "topmostSubform[0].Page2[0].Table_Line1[0].Row1[0].f2_5[0]",
    "topmostSubform[0].Page2[0].Table_Line1[0].Row1[0].f2_6[0]",
    "topmostSubform[0].Page2[0].Table_Line1[0].Row1[0].f2_7[0]",
    "topmostSubform[0].Page2[0].Table_Line1[0].Row1[0].f2_8[0]",
    "topmostSubform[0].Page2[0].Table_Line1[0].Row1[0].f2_9[0]",
    "topmostSubform[0].Page2[0].Table_Line1[0].Row10[0].f2_75[0]",
    "topmostSubform[0].Page2[0].Table_Line1[0].Row10[0].f2_76[0]",
    "topmostSubform[0].Page2[0].Table_Line1[0].Row10[0].f2_77[0]",
    "topmostSubform[0].Page2[0].Table_Line1[0].Row10[0].f2_78[0]",
    "topmostSubform[0].Page2[0].Table_Line1[0].Row10[0].f2_79[0]",
    "topmostSubform[0].Page2[0].Table_Line1[0].Row10[0].f2_80[0]",
    "topmostSubform[0].Page2[0].Table_Line1[0].Row10[0].f2_81[0]",
    "topmostSubform[0].Page2[0].Table_Line1[0].Row10[0].f2_82[0]",
    "topmostSubform[0].Page2[0].Table_Line1[0].Row11[0].f2_83[0]",
    "topmostSubform[0].Page2[0].Table_Line1[0].Row11[0].f2_84[0]",
    "topmostSubform[0].Page2[0].Table_Line1[0].Row11[0].f2_85[0]",
    "topmostSubform[0].Page2[0].Table_Line1[0].Row11[0].f2_86[0]",
    "topmostSubform[0].Page2[0].Table_Line1[0].Row11[0].f2_87[0]",
    "topmostSubform[0].Page2[0].Table_Line1[0].Row11[0].f2_88[0]",
    "topmostSubform[0].Page2[0].Table_Line1[0].Row11[0].f2_89[0]",
    "topmostSubform[0].Page2[0].Table_Line1[0].Row11[0].f2_90[0]",
    "topmostSubform[0].Page2[0].Table_Line1[0].Row12[0].f2_91[0]",
    "topmostSubform[0].Page2[0].Table_Line1[0].Row12[0].f2_92[0]",
    "topmostSubform[0].Page2[0].Table_Line1[0].Row12[0].f2_93[0]",
    "topmostSubform[0].Page2[0].Table_Line1[0].Row12[0].f2_94[0]",
    "topmostSubform[0].Page2[0].Table_Line1[0].Row12[0].f2_95[0]",
    "topmostSubform[0].Page2[0].Table_Line1[0].Row12[0].f2_96[0]",
    "topmostSubform[0].Page2[0].Table_Line1[0].Row12[0].f2_97[0]",
    "topmostSubform[0].Page2[0].Table_Line1[0].Row12[0].f2_98[0]",
    "topmostSubform[0].Page2[0].Table_Line1[0].Row13[0].f2_100[0]",
    "topmostSubform[0].Page2[0].Table_Line1[0].Row13[0].f2_101[0]",
    "topmostSubform[0].Page2[0].Table_Line1[0].Row13[0].f2_102[0]",
    "topmostSubform[0].Page2[0].Table_Line1[0].Row13[0].f2_103[0]",
    "topmostSubform[0].Page2[0].Table_Line1[0].Row13[0].f2_104[0]",
    "topmostSubform[0].Page2[0].Table_Line1[0].Row13[0].f2_105[0]",
    "topmostSubform[0].Page2[0].Table_Line1[0].Row13[0].f2_106[0]",
    "topmostSubform[0].Page2[0].Table_Line1[0].Row13[0].f2_99[0]",
    "topmostSubform[0].Page2[0].Table_Line1[0].Row14[0].f2_107[0]",
    "topmostSubform[0].Page2[0].Table_Line1[0].Row14[0].f2_108[0]",
    "topmostSubform[0].Page2[0].Table_Line1[0].Row14[0].f2_109[0]",
    "topmostSubform[0].Page2[0].Table_Line1[0].Row14[0].f2_110[0]",
    "topmostSubform[0].Page2[0].Table_Line1[0].Row14[0].f2_111[0]",
    "topmostSubform[0].Page2[0].Table_Line1[0].Row14[0].f2_112[0]",
    "topmostSubform[0].Page2[0].Table_Line1[0].Row14[0].f2_113[0]",
    "topmostSubform[0].Page2[0].Table_Line1[0].Row14[0].f2_114[0]",
    "topmostSubform[0].Page2[0].Table_Line1[0].Row2[0].f2_11[0]",
    "topmostSubform[0].Page2[0].Table_Line1[0].Row2[0].f2_12[0]",
    "topmostSubform[0].Page2[0].Table_Line1[0].Row2[0].f2_13[0]",
    "topmostSubform[0].Page2[0].Table_Line1[0].Row2[0].f2_14[0]",
    "topmostSubform[0].Page2[0].Table_Line1[0].Row2[0].f2_15[0]",
    "topmostSubform[0].Page2[0].Table_Line1[0].Row2[0].f2_16[0]",
    "topmostSubform[0].Page2[0].Table_Line1[0].Row2[0].f2_17[0]",
    "topmostSubform[0].Page2[0].Table_Line1[0].Row2[0].f2_18[0]",
    "topmostSubform[0].Page2[0].Table_Line1[0].Row3[0].f2_19[0]",
    "topmostSubform[0].Page2[0].Table_Line1[0].Row3[0].f2_20[0]",
    "topmostSubform[0].Page2[0].Table_Line1[0].Row3[0].f2_21[0]",
    "topmostSubform[0].Page2[0].Table_Line1[0].Row3[0].f2_22[0]",
    "topmostSubform[0].Page2[0].Table_Line1[0].Row3[0].f2_23[0]",
    "topmostSubform[0].Page2[0].Table_Line1[0].Row3[0].f2_24[0]",
    "topmostSubform[0].Page2[0].Table_Line1[0].Row3[0].f2_25[0]",
    "topmostSubform[0].Page2[0].Table_Line1[0].Row3[0].f2_26[0]",
    "topmostSubform[0].Page2[0].Table_Line1[0].Row4[0].f2_27[0]",
    "topmostSubform[0].Page2[0].Table_Line1[0].Row4[0].f2_28[0]",
    "topmostSubform[0].Page2[0].Table_Line1[0].Row4[0].f2_29[0]",
    "topmostSubform[0].Page2[0].Table_Line1[0].Row4[0].f2_30[0]",
    "topmostSubform[0].Page2[0].Table_Line1[0].Row4[0].f2_31[0]",
    "topmostSubform[0].Page2[0].Table_Line1[0].Row4[0].f2_32[0]",
    "topmostSubform[0].Page2[0].Table_Line1[0].Row4[0].f2_33[0]",
    "topmostSubform[0].Page2[0].Table_Line1[0].Row4[0].f2_34[0]",
    "topmostSubform[0].Page2[0].Table_Line1[0].Row5[0].f2_35[0]",
    "topmostSubform[0].Page2[0].Table_Line1[0].Row5[0].f2_36[0]",
    "topmostSubform[0].Page2[0].Table_Line1[0].Row5[0].f2_37[0]",
    "topmostSubform[0].Page2[0].Table_Line1[0].Row5[0].f2_38[0]",
    "topmostSubform[0].Page2[0].Table_Line1[0].Row5[0].f2_39[0]",
    "topmostSubform[0].Page2[0].Table_Line1[0].Row5[0].f2_40[0]",
    "topmostSubform[0].Page2[0].Table_Line1[0].Row5[0].f2_41[0]",
    "topmostSubform[0].Page2[0].Table_Line1[0].Row5[0].f2_42[0]",
    "topmostSubform[0].Page2[0].Table_Line1[0].Row6[0].f2_43[0]",
    "topmostSubform[0].Page2[0].Table_Line1[0].Row6[0].f2_44[0]",
    "topmostSubform[0].Page2[0].Table_Line1[0].Row6[0].f2_45[0]",
    "topmostSubform[0].Page2[0].Table_Line1[0].Row6[0].f2_46[0]",
    "topmostSubform[0].Page2[0].Table_Line1[0].Row6[0].f2_47[0]",
    "topmostSubform[0].Page2[0].Table_Line1[0].Row6[0].f2_48[0]",
    "topmostSubform[0].Page2[0].Table_Line1[0].Row6[0].f2_49[0]",
    "topmostSubform[0].Page2[0].Table_Line1[0].Row6[0].f2_50[0]",
    "topmostSubform[0].Page2[0].Table_Line1[0].Row7[0].f2_51[0]",
    "topmostSubform[0].Page2[0].Table_Line1[0].Row7[0].f2_52[0]",
    "topmostSubform[0].Page2[0].Table_Line1[0].Row7[0].f2_53[0]",
    "topmostSubform[0].Page2[0].Table_Line1[0].Row7[0].f2_54[0]",
    "topmostSubform[0].Page2[0].Table_Line1[0].Row7[0].f2_55[0]",
    "topmostSubform[0].Page2[0].Table_Line1[0].Row7[0].f2_56[0]",
    "topmostSubform[0].Page2[0].Table_Line1[0].Row7[0].f2_57[0]",
    "topmostSubform[0].Page2[0].Table_Line1[0].Row7[0].f2_58[0]",
    "topmostSubform[0].Page2[0].Table_Line1[0].Row8[0].f2_59[0]",
    "topmostSubform[0].Page2[0].Table_Line1[0].Row8[0].f2_60[0]",
    "topmostSubform[0].Page2[0].Table_Line1[0].Row8[0].f2_61[0]",
    "topmostSubform[0].Page2[0].Table_Line1[0].Row8[0].f2_62[0]",
    "topmostSubform[0].Page2[0].Table_Line1[0].Row8[0].f2_63[0]",
    "topmostSubform[0].Page2[0].Table_Line1[0].Row8[0].f2_64[0]",
    "topmostSubform[0].Page2[0].Table_Line1[0].Row8[0].f2_65[0]",
    "topmostSubform[0].Page2[0].Table_Line1[0].Row8[0].f2_66[0]",
    "topmostSubform[0].Page2[0].Table_Line1[0].Row9[0].f2_67[0]",
    "topmostSubform[0].Page2[0].Table_Line1[0].Row9[0].f2_68[0]",
    "topmostSubform[0].Page2[0].Table_Line1[0].Row9[0].f2_69[0]",
    "topmostSubform[0].Page2[0].Table_Line1[0].Row9[0].f2_70[0]",
    "topmostSubform[0].Page2[0].Table_Line1[0].Row9[0].f2_71[0]",
    "topmostSubform[0].Page2[0].Table_Line1[0].Row9[0].f2_72[0]",
    "topmostSubform[0].Page2[0].Table_Line1[0].Row9[0].f2_73[0]",
    "topmostSubform[0].Page2[0].Table_Line1[0].Row9[0].f2_74[0]",
  ],
  "f8959": Array [
    "topmostSubform[0].Page1[0].f1_1[0]",
    "topmostSubform[0].Page1[0].f1_10[0]",
    "topmostSubform[0].Page1[0].f1_11[0]",
    "topmostSubform[0].Page1[0].f1_12[0]",
    "topmostSubform[0].Page1[0].f1_13[0]",
    "topmostSubform[0].Page1[0].f1_14[0]",
    "topmostSubform[0].Page1[0].f1_15[0]",
    "topmostSubform[0].Page1[0].f1_16[0]",
    "topmostSubform[0].Page1[0].f1_17[0]",
    "topmostSubform[0].Page1[0].f1_18[0]",
    "topmostSubform[0].Page1[0].f1_19[0]",
    "topmostSubform[0].Page1[0].f1_2[0]",
    "topmostSubform[0].Page1[0].f1_20[0]",
    "topmostSubform[0].Page1[0].f1_21[0]",
    "topmostSubform[0].Page1[0].f1_22[0]",
    "topmostSubform[0].Page1[0].f1_23[0]",
    "topmostSubform[0].Page1[0].f1_24[0]",
    "topmostSubform[0].Page1[0].f1_25[0]",
    "topmostSubform[0].Page1[0].f1_26[0]",
    "topmostSubform[0].Page1[0].f1_3[0]",
    "topmostSubform[0].Page1[0].f1_4[0]",
    "topmostSubform[0].Page1[0].f1_5[0]",
    "topmostSubform[0].Page1[0].f1_6[0]",
    "topmostSubform[0].Page1[0].f1_7[0]",
    "topmostSubform[0].Page1[0].f1_8[0]",
    "topmostSubform[0].Page1[0].f1_9[0]",
  ],
  "f8960": Array [
    "topmostSubform[0].Page1[0].f1_1[0]",
    "topmostSubform[0].Page1[0].f1_10[0]",
    "topmostSubform[0].Page1[0].f1_11[0]",
    "topmostSubform[0].Page1[0].f1_12[0]",
    "topmostSubform[0].Page1[0].f1_13[0]",
    "topmostSubform[0].Page1[0].f1_14[0]",
    "topmostSubform[0].Page1[0].f1_15[0]",
    "topmostSubform[0].Page1[0].f1_16[0]",
    "topmostSubform[0].Page1[0].f1_17[0]",
    "topmostSubform[0].Page1[0].f1_18[0]",
    "topmostSubform[0].Page1[0].f1_19[0]",
    "topmostSubform[0].Page1[0].f1_2[0]",
    "topmostSubform[0].Page1[0].f1_20[0]",
    "topmostSubform[0].Page1[0].f1_21[0]",
    "topmostSubform[0].Page1[0].f1_22[0]",
    "topmostSubform[0].Page1[0].f1_23[0]",
    "topmostSubform[0].Page1[0].f1_24[0]",
    "topmostSubform[0].Page1[0].f1_25[0]",
    "topmostSubform[0].Page1[0].f1_26[0]",
    "topmostSubform[0].Page1[0].f1_27[0]",
    "topmostSubform[0].Page1[0].f1_28[0]",
    "topmostSubform[0].Page1[0].f1_29[0]",
    "topmostSubform[0].Page1[0].f1_3[0]",
    "topmostSubform[0].Page1[0].f1_30[0]",
    "topmostSubform[0].Page1[0].f1_31[0]",
    "topmostSubform[0].Page1[0].f1_32[0]",
    "topmostSubform[0].Page1[0].f1_33[0]",
    "topmostSubform[0].Page1[0].f1_34[0]",
    "topmostSubform[0].Page1[0].f1_35[0]",
    "topmostSubform[0].Page1[0].f1_4[0]",
    "topmostSubform[0].Page1[0].f1_5[0]",
    "topmostSubform[0].Page1[0].f1_6[0]",
    "topmostSubform[0].Page1[0].f1_7[0]",
    "topmostSubform[0].Page1[0].f1_8[0]",
    "topmostSubform[0].Page1[0].f1_9[0]",
    "topmostSubform[0].Page1[0].PartI[0].c1_1[0]",
    "topmostSubform[0].Page1[0].PartI[0].c1_2[0]",
    "topmostSubform[0].Page1[0].PartI[0].c1_3[0]",
  ],
  "f8995a": Array [
    "topmostSubform[0].Page1[0].f1_01[0]",
    "topmostSubform[0].Page1[0].f1_02[0]",
    "topmostSubform[0].Page1[0].Table_PartI[0].RowA[0].c1_1[0]",
    "topmostSubform[0].Page1[0].Table_PartI[0].RowA[0].c1_2[0]",
    "topmostSubform[0].Page1[0].Table_PartI[0].RowA[0].c1_3[0]",
    "topmostSubform[0].Page1[0].Table_PartI[0].RowA[0].f1_03[0]",
    "topmostSubform[0].Page1[0].Table_PartI[0].RowA[0].f1_04[0]",
    "topmostSubform[0].Page1[0].Table_PartI[0].RowB[0].c1_4[0]",
    "topmostSubform[0].Page1[0].Table_PartI[0].RowB[0].c1_5[0]",
    "topmostSubform[0].Page1[0].Table_PartI[0].RowB[0].c1_6[0]",
    "topmostSubform[0].Page1[0].Table_PartI[0].RowB[0].f1_05[0]",
    "topmostSubform[0].Page1[0].Table_PartI[0].RowB[0].f1_06[0]",
    "topmostSubform[0].Page1[0].Table_PartI[0].RowC[0].c1_7[0]",
    "topmostSubform[0].Page1[0].Table_PartI[0].RowC[0].c1_8[0]",
    "topmostSubform[0].Page1[0].Table_PartI[0].RowC[0].c1_9[0]",
    "topmostSubform[0].Page1[0].Table_PartI[0].RowC[0].f1_07[0]",
    "topmostSubform[0].Page1[0].Table_PartI[0].RowC[0].f1_08[0]",
    "topmostSubform[0].Page1[0].Table_PartII[0].Row10[0].f1_33[0]",
    "topmostSubform[0].Page1[0].Table_PartII[0].Row10[0].f1_34[0]",
    "topmostSubform[0].Page1[0].Table_PartII[0].Row10[0].f1_35[0]",
    "topmostSubform[0].Page1[0].Table_PartII[0].Row11[0].f1_36[0]",
    "topmostSubform[0].Page1[0].Table_PartII[0].Row11[0].f1_37[0]",
    "topmostSubform[0].Page1[0].Table_PartII[0].Row11[0].f1_38[0]",
    "topmostSubform[0].Page1[0].Table_PartII[0].Row12[0].f1_39[0]",
    "topmostSubform[0].Page1[0].Table_PartII[0].Row12[0].f1_40[0]",
    "topmostSubform[0].Page1[0].Table_PartII[0].Row12[0].f1_41[0]",
    "topmostSubform[0].Page1[0].Table_PartII[0].Row13[0].f1_42[0]",
    "topmostSubform[0].Page1[0].Table_PartII[0].Row13[0].f1_43[0]",
    "topmostSubform[0].Page1[0].Table_PartII[0].Row13[0].f1_44[0]",
    "topmostSubform[0].Page1[0].Table_PartII[0].Row14[0].f1_45[0]",
    "topmostSubform[0].Page1[0].Table_PartII[0].Row14[0].f1_46[0]",
    "topmostSubform[0].Page1[0].Table_PartII[0].Row14[0].f1_47[0]",
    "topmostSubform[0].Page1[0].Table_PartII[0].Row15[0].f1_48[0]",
    "topmostSubform[0].Page1[0].Table_PartII[0].Row15[0].f1_49[0]",
    "topmostSubform[0].Page1[0].Table_PartII[0].Row15[0].f1_50[0]",
    "topmostSubform[0].Page1[0].Table_PartII[0].Row16[0].f1_51[0]",
    "topmostSubform[0].Page1[0].Table_PartII[0].Row16[0].f1_52[0]",
    "topmostSubform[0].Page1[0].Table_PartII[0].Row16[0].f1_53[0]",
    "topmostSubform[0].Page1[0].Table_PartII[0].Row2[0].f1_09[0]",
    "topmostSubform[0].Page1[0].Table_PartII[0].Row2[0].f1_10[0]",
    "topmostSubform[0].Page1[0].Table_PartII[0].Row2[0].f1_11[0]",
    "topmostSubform[0].Page1[0].Table_PartII[0].Row3[0].f1_12[0]",
    "topmostSubform[0].Page1[0].Table_PartII[0].Row3[0].f1_13[0]",
    "topmostSubform[0].Page1[0].Table_PartII[0].Row3[0].f1_14[0]",
    "topmostSubform[0].Page1[0].Table_PartII[0].Row4[0].f1_15[0]",
    "topmostSubform[0].Page1[0].Table_PartII[0].Row4[0].f1_16[0]",
    "topmostSubform[0].Page1[0].Table_PartII[0].Row4[0].f1_17[0]",
    "topmostSubform[0].Page1[0].Table_PartII[0].Row5[0].f1_18[0]",
    "topmostSubform[0].Page1[0].Table_PartII[0].Row5[0].f1_19[0]",
    "topmostSubform[0].Page1[0].Table_PartII[0].Row5[0].f1_20[0]",
    "topmostSubform[0].Page1[0].Table_PartII[0].Row6[0].f1_21[0]",
    "topmostSubform[0].Page1[0].Table_PartII[0].Row6[0].f1_22[0]",
    "topmostSubform[0].Page1[0].Table_PartII[0].Row6[0].f1_23[0]",
    "topmostSubform[0].Page1[0].Table_PartII[0].Row7[0].f1_24[0]",
    "topmostSubform[0].Page1[0].Table_PartII[0].Row7[0].f1_25[0]",
    "topmostSubform[0].Page1[0].Table_PartII[0].Row7[0].f1_26[0]",
    "topmostSubform[0].Page1[0].Table_PartII[0].Row8[0].f1_27[0]",
    "topmostSubform[0].Page1[0].Table_PartII[0].Row8[0].f1_28[0]",
    "topmostSubform[0].Page1[0].Table_PartII[0].Row8[0].f1_29[0]",
    "topmostSubform[0].Page1[0].Table_PartII[0].Row9[0].f1_30[0]",
    "topmostSubform[0].Page1[0].Table_PartII[0].Row9[0].f1_31[0]",
    "topmostSubform[0].Page1[0].Table_PartII[0].Row9[0].f1_32[0]",
    "topmostSubform[0].Page2[0].f2_36[0]",
    "topmostSubform[0].Page2[0].f2_37[0]",
    "topmostSubform[0].Page2[0].f2_38[0]",
    "topmostSubform[0].Page2[0].f2_39[0]",
    "topmostSubform[0].Page2[0].f2_40[0]",
    "topmostSubform[0].Page2[0].f2_41[0]",
    "topmostSubform[0].Page2[0].f2_42[0]",
    "topmostSubform[0].Page2[0].f2_43[0]",
    "topmostSubform[0].Page2[0].f2_44[0]",
    "topmostSubform[0].Page2[0].f2_45[0]",
    "topmostSubform[0].Page2[0].f2_46[0]",
    "topmostSubform[0].Page2[0].f2_47[0]",
    "topmostSubform[0].Page2[0].f2_48[0]",
    "topmostSubform[0].Page2[0].f2_49[0]",
    "topmostSubform[0].Page2[0].Table_PartIII[0].Row17[0].f2_01[0]",
    "topmostSubform[0].Page2[0].Table_PartIII[0].Row17[0].f2_02[0]",
    "topmostSubform[0].Page2[0].Table_PartIII[0].Row17[0].f2_03[0]",
    "topmostSubform[0].Page2[0].Table_PartIII[0].Row18[0].f2_04[0]",
    "topmostSubform[0].Page2[0].Table_PartIII[0].Row18[0].f2_05[0]",
    "topmostSubform[0].Page2[0].Table_PartIII[0].Row18[0].f2_06[0]",
    "topmostSubform[0].Page2[0].Table_PartIII[0].Row19[0].f2_07[0]",
    "topmostSubform[0].Page2[0].Table_PartIII[0].Row19[0].f2_08[0]",
    "topmostSubform[0].Page2[0].Table_PartIII[0].Row19[0].f2_09[0]",
    "topmostSubform[0].Page2[0].Table_PartIII[0].Row20[0].f2_11_RO[0]",
    "topmostSubform[0].Page2[0].Table_PartIII[0].Row20[0].f2_12_RO[0]",
    "topmostSubform[0].Page2[0].Table_PartIII[0].Row20[0].f2_13_RO[0]",
    "topmostSubform[0].Page2[0].Table_PartIII[0].Row20[0].Ln20[0].f2_10[0]",
    "topmostSubform[0].Page2[0].Table_PartIII[0].Row21[0].f2_15_RO[0]",
    "topmostSubform[0].Page2[0].Table_PartIII[0].Row21[0].f2_16_RO[0]",
    "topmostSubform[0].Page2[0].Table_PartIII[0].Row21[0].f2_17_RO[0]",
    "topmostSubform[0].Page2[0].Table_PartIII[0].Row21[0].Ln21[0].f2_14[0]",
    "topmostSubform[0].Page2[0].Table_PartIII[0].Row22[0].f2_19_RO[0]",
    "topmostSubform[0].Page2[0].Table_PartIII[0].Row22[0].f2_20_RO[0]",
    "topmostSubform[0].Page2[0].Table_PartIII[0].Row22[0].f2_21_RO[0]",
    "topmostSubform[0].Page2[0].Table_PartIII[0].Row22[0].Ln22[0].f2_18[0]",
    "topmostSubform[0].Page2[0].Table_PartIII[0].Row23[0].f2_23_RO[0]",
    "topmostSubform[0].Page2[0].Table_PartIII[0].Row23[0].f2_24_RO[0]",
    "topmostSubform[0].Page2[0].Table_PartIII[0].Row23[0].f2_25_RO[0]",
    "topmostSubform[0].Page2[0].Table_PartIII[0].Row23[0].Ln23[0].f2_22[0]",
    "topmostSubform[0].Page2[0].Table_PartIII[0].Row24[0].f2_27_RO[0]",
    "topmostSubform[0].Page2[0].Table_PartIII[0].Row24[0].f2_28_RO[0]",
    "topmostSubform[0].Page2[0].Table_PartIII[0].Row24[0].f2_29_RO[0]",
    "topmostSubform[0].Page2[0].Table_PartIII[0].Row24[0].Ln24[0].f2_26[0]",
    "topmostSubform[0].Page2[0].Table_PartIII[0].Row25[0].f2_30[0]",
    "topmostSubform[0].Page2[0].Table_PartIII[0].Row25[0].f2_31[0]",
    "topmostSubform[0].Page2[0].Table_PartIII[0].Row25[0].f2_32[0]",
    "topmostSubform[0].Page2[0].Table_PartIII[0].Row26[0].f2_33[0]",
    "topmostSubform[0].Page2[0].Table_PartIII[0].Row26[0].f2_34[0]",
    "topmostSubform[0].Page2[0].Table_PartIII[0].Row26[0].f2_35[0]",
  ],
}
`;
